// Jest Snapshot v1, https://goo.gl/fbAQLP

exports[`should render Info Modal correctly 1`] = `
<div
  className="styles__Container-pgyzn6-0 kCeIyN"
>
  <div
    className="info-box"
  >
    <p>
      You can get the Vod Id from
      <a
        href="https://twitchtracker.com"
        rel="noopener noreferrer"
        target="_blank"
      >
        twitchtracker.com
      </a>
    </p>
  </div>
  <svg
    fill="none"
    height={18}
    stroke="currentColor"
    strokeLinecap="round"
    strokeLinejoin="round"
    strokeWidth="2"
    style={
      Object {
        "color": undefined,
      }
    }
    viewBox="0 0 24 24"
    width={18}
    xmlns="http://www.w3.org/2000/svg"
  >
    <circle
      cx="12"
      cy="12"
      r="10"
    />
    <line
      x1="12"
      x2="12"
      y1="16"
      y2="12"
    />
    <line
      x1="12"
      x2="12.01"
      y1="8"
      y2="8"
    />
  </svg>
</div>
`;
