// Jest Snapshot v1, https://goo.gl/fbAQLP

exports[`should render Vod Gallery correctly 1`] = `
Array [
  <h1>
    Streamer: 
    xQcOW
  </h1>,
  <a
    href="https://ko-fi.com/pogulive"
    rel="noopener noreferrer"
    target="_blank"
  >
    Help me keep the servers running
    <img
      alt="Buy Me a Coffee at ko-fi.com"
      className="kofi-img"
      src="https://cdn.ko-fi.com/cdn/kofi5.png?v=2"
      width="230px"
    />
  </a>,
  <div
    className="styles__Container-sc-1grrpo5-0 dmjRdy"
  >
    <div
      title="[ NoPixel ] FROM 20K TO 100K OR BUST. BEST PLAYER WORLD OF ALL GAMES, BIG BIG."
    >
      <button
        onClick={[Function]}
        type="button"
      >
        <div>
          <figure
            className="styles__Image-sc-1grrpo5-1 cyWKhu"
          >
            <span>
              17:30:43
            </span>
          </figure>
        </div>
        <strong>
          [ NoPixel ] FROM 20K TO 100K OR BUST. BEST PLAYER WORLD OF ALL GAMES, BIG BIG.
        </strong>
        <span>
          <p>
            Views: 
            3.2M
          </p>
          <p>
            3/27/2021
          </p>
        </span>
      </button>
    </div>
    <div
      title="[ NoPixel ] BIG DAY TODAY OMG! COURT CASE, CAZINO JUMP AND MORE WOW! WARLORD MOMENT INBOUND"
    >
      <button
        onClick={[Function]}
        type="button"
      >
        <div>
          <figure
            className="styles__Image-sc-1grrpo5-1 fIvnvW"
          >
            <span>
              15:08:36
            </span>
          </figure>
        </div>
        <strong>
          [ NoPixel ] BIG DAY TODAY OMG! COURT CASE, CAZINO JUMP AND MORE WOW! WARLORD MOMENT INBOUND
        </strong>
        <span>
          <p>
            Views: 
            2.8M
          </p>
          <p>
            3/26/2021
          </p>
        </span>
      </button>
    </div>
  </div>,
]
`;
